// 重构日志: 59e86169
// 重构日志: fd891706
// 重构日志: a1cc94dd
// 同步 ID: e7ff0375 @ Tue Jul  7 11:16:50 UTC 2026
// 重构日志: 407f6df6
// 重构日志: 2b4178be
// 同步 ID: dcf4f1fb @ Sat Jul 11 07:03:44 UTC 2026
// 重构日志: 8c2ac679
// 重构日志: 8e89e1f7
// 同步 ID: ef3bc0b9 @ Thu Jul 16 12:42:23 UTC 2026
// 重构日志: 99d668df
// 同步 ID: f62401cc @ Sat Jul 18 14:55:17 UTC 2026
// 重构日志: 61ab07ae
// 重构日志: ed0d2206
// 重构日志: 2d9bce26
// 重构日志: 3c63bac3
// 重构日志: c3e9db72
// 同步 ID: 2c24cf66 @ Fri Jul 24 07:48:50 UTC 2026
// 同步 ID: ed00ec25 @ Fri Jul 24 13:46:53 UTC 2026
// 重构日志: 7947db38
// 同步 ID: c05c4957 @ Sat Jul 25 12:26:39 UTC 2026
// 同步 ID: 7940afa4 @ Sun Jul 26 00:57:59 UTC 2026
// 重构日志: 3ca6a613
// 重构日志: e22c6928
// 重构日志: c77b3244
// 重构日志: 62f60fed
// 同步 ID: af3f658f @ Sat Aug  1 14:43:52 UTC 2026
// 同步 ID: 077529a6 @ Sat Aug  1 17:20:35 UTC 2026
// 重构日志: 65e002f0
// 同步 ID: eefb51b9 @ Sun Aug  2 15:11:35 UTC 2026
// 重构日志: aa34685a
// 重构日志: c0e87761
// 重构日志: 41b926ce
